NX=16 NY=16 -> 4.750114
NX=16 NY=32 -> 4.716289
NX=16 NY=64 -> 4.711215
NX=16 NY=128 -> 4.710853
NX=16 NY=256 -> 4.711321
NX=16 NY=512 -> 4.712050
NX=16 NY=1024 -> 4.710546
NX=16 NY=2048 -> 4.704673
NX=16 NY=4096 -> 4.736733
NX=32 NY=16 -> 4.828031
NX=32 NY=32 -> 4.793751
NX=32 NY=64 -> 4.788592
NX=32 NY=128 -> 4.788264
NX=32 NY=256 -> 4.788732
NX=32 NY=512 -> 4.789490
NX=32 NY=1024 -> 4.787964
NX=32 NY=2048 -> 4.781997
NX=32 NY=4096 -> 4.814595
NX=64 NY=16 -> 4.866837
NX=64 NY=32 -> 4.832335
NX=64 NY=64 -> 4.827165
NX=64 NY=128 -> 4.826793
NX=64 NY=256 -> 4.827279
NX=64 NY=512 -> 4.828069
NX=64 NY=1024 -> 4.826558
NX=64 NY=2048 -> 4.820467
NX=64 NY=4096 -> 4.853462
NX=128 NY=16 -> 4.886073
NX=128 NY=32 -> 4.851357
NX=128 NY=64 -> 4.846205
NX=128 NY=128 -> 4.845843
NX=128 NY=256 -> 4.846338
NX=128 NY=512 -> 4.847140
NX=128 NY=1024 -> 4.845561
NX=128 NY=2048 -> 4.839463
NX=128 NY=4096 -> 4.872500
NX=256 NY=16 -> 4.894128
NX=256 NY=32 -> 4.859274
NX=256 NY=64 -> 4.854138
NX=256 NY=128 -> 4.853758
NX=256 NY=256 -> 4.854290
NX=256 NY=512 -> 4.855021
NX=256 NY=1024 -> 4.853463
NX=256 NY=2048 -> 4.847350
NX=16 NY=16 -> gpu=2.228224 cpu=53.286067
NX=16 NY=32 -> gpu=2.180096 cpu=125.575635
NX=16 NY=64 -> gpu=2.176000 cpu=280.910829
NX=16 NY=128 -> gpu=2.198528 cpu=534.533762
NX=16 NY=256 -> gpu=2.217984 cpu=1073.540666
NX=16 NY=512 -> gpu=2.132992 cpu=2300.494374
NX=16 NY=1024 -> gpu=2.239488 cpu=4857.768645
NX=16 NY=2048 -> gpu=2.195872 cpu=10152.390146
NX=16 NY=4096 -> gpu=2.124416 cpu=21350.323145
NX=32 NY=16 -> gpu=2.180096 cpu=116.278139
NX=32 NY=32 -> gpu=2.138112 cpu=267.558657
NX=32 NY=64 -> gpu=2.157568 cpu=607.679189
NX=32 NY=128 -> gpu=2.173952 cpu=1183.011201
NX=32 NY=256 -> gpu=2.139136 cpu=2434.652575
NX=32 NY=512 -> gpu=2.539520 cpu=5455.512290
NX=32 NY=1024 -> gpu=2.437408 cpu=10844.039235
NX=32 NY=2048 -> gpu=2.176704 cpu=22632.664235
NX=32 NY=4096 -> gpu=2.199808 cpu=47295.034302
NX=64 NY=16 -> gpu=2.139136 cpu=263.213943
NX=64 NY=32 -> gpu=2.127872 cpu=592.165031
NX=64 NY=64 -> gpu=2.170880 cpu=1325.615584
NX=64 NY=128 -> gpu=2.159616 cpu=2601.740889
NX=64 NY=256 -> gpu=2.125824 cpu=5297.480159
NX=64 NY=512 -> gpu=2.131712 cpu=11278.757828
NX=64 NY=1024 -> gpu=2.452384 cpu=24761.721915
NX=64 NY=2048 -> gpu=2.383360 cpu=49364.297124
NX=16 NY=16 -> gpu=2.145280 cpu=51.846709
NX=16 NY=32 -> gpu=2.404352 cpu=119.273867
NX=16 NY=64 -> gpu=2.464768 cpu=272.730074
NX=16 NY=128 -> gpu=2.450432 cpu=528.650299
NX=16 NY=256 -> gpu=2.410496 cpu=1076.129044
NX=16 NY=512 -> gpu=2.130944 cpu=2310.025516
NX=16 NY=1024 -> gpu=2.171904 cpu=4887.887337
NX=16 NY=2048 -> gpu=2.198048 cpu=10332.654574
NX=16 NY=4096 -> gpu=2.156960 cpu=21462.228343
NX=32 NY=16 -> gpu=2.193408 cpu=118.054486
NX=32 NY=32 -> gpu=2.203648 cpu=270.520317
NX=32 NY=64 -> gpu=2.212864 cpu=614.634109
NX=32 NY=128 -> gpu=2.197504 cpu=1198.441854
NX=32 NY=256 -> gpu=2.212864 cpu=2467.651074
NX=32 NY=512 -> gpu=2.102272 cpu=5199.316313
NX=32 NY=1024 -> gpu=2.280960 cpu=10827.045158
NX=32 NY=2048 -> gpu=2.151936 cpu=22716.077335
NX=32 NY=4096 -> gpu=2.424960 cpu=47528.638896
NX=64 NY=16 -> gpu=2.475008 cpu=261.126757
NX=64 NY=32 -> gpu=2.149376 cpu=596.409964
NX=64 NY=64 -> gpu=2.170880 cpu=1338.667885
NX=64 NY=128 -> gpu=2.156544 cpu=2594.229998
NX=64 NY=256 -> gpu=2.158592 cpu=5294.137784
NX=64 NY=512 -> gpu=2.140736 cpu=11308.978454
NX=64 NY=1024 -> gpu=2.141728 cpu=23632.954204
NX=64 NY=2048 -> gpu=2.104000 cpu=49876.331509
NX=64 NY=4096 -> gpu=2.415456 cpu=103650.023739
NX=128 NY=16 -> gpu=2.443264 cpu=561.374345
NX=128 NY=32 -> gpu=2.234368 cpu=1276.726050
NX=128 NY=64 -> gpu=2.199552 cpu=2833.921022
NX=128 NY=128 -> gpu=2.184192 cpu=5537.931580
NX=128 NY=256 -> gpu=2.182880 cpu=11367.049743
NX=128 NY=512 -> gpu=2.207488 cpu=24083.165207
NX=128 NY=1024 -> gpu=2.118528 cpu=50178.589346
NX=128 NY=2048 -> gpu=2.400832 cpu=110721.223916
NX=128 NY=4096 -> gpu=2.425440 cpu=233657.507807
NX=256 NY=16 -> gpu=2.478080 cpu=1240.026914
NX=256 NY=32 -> gpu=2.430976 cpu=2681.163754
NX=256 NY=64 -> gpu=2.164736 cpu=5959.193307
NX=256 NY=128 -> gpu=2.156352 cpu=11654.086700
NX=256 NY=256 -> gpu=2.121056 cpu=23961.821728
NX=256 NY=512 -> gpu=2.408384 cpu=50652.389310
NX=256 NY=1024 -> gpu=2.384544 cpu=106280.551791
NX=16 NY=16 done
NX=16 NY=32 done
NX=16 NY=64 done
NX=16 NY=128 done
NX=16 NY=256 done
NX=16 NY=512 done
NX=16 NY=1024 done
NX=16 NY=2048 done
NX=16 NY=4096 done
NX=32 NY=16 done
NX=32 NY=32 done
NX=32 NY=64 done
NX=32 NY=128 done
NX=32 NY=256 done
NX=32 NY=512 done
NX=32 NY=1024 done
NX=32 NY=2048 done
NX=32 NY=4096 done
NX=64 NY=16 done
NX=64 NY=32 done
NX=64 NY=64 done
NX=64 NY=128 done
NX=64 NY=256 done
NX=64 NY=512 done
NX=64 NY=1024 done
NX=64 NY=2048 done
NX=64 NY=4096 done
NX=128 NY=16 done
NX=128 NY=32 done
NX=128 NY=64 done
NX=128 NY=128 done
NX=128 NY=256 done
NX=128 NY=512 done
NX=128 NY=1024 done
=== NX=16 NY=16 ===
16,16,2.404352, 54.632046
=== NX=16 NY=32 ===
16,32,2.225152, 122.823492
=== NX=16 NY=64 ===
16,64,2.262016, 274.993736
=== NX=16 NY=128 ===
16,128,2.260992, 529.817813
=== NX=16 NY=256 ===
16,256,2.294784, 1096.983655
=== NX=16 NY=512 ===
16,512,2.301952, 2350.960789
=== NX=16 NY=1024 ===
16,1024,2.280448, 4945.670024
=== NX=16 NY=2048 ===
16,2048,2.266688, 10354.126180
=== NX=16 NY=4096 ===
16,4096,2.300128, 21647.619558
=== NX=32 NY=16 ===
32,16,2.220032, 126.800943
=== NX=32 NY=32 ===
32,32,2.246656, 271.856930
=== NX=32 NY=64 ===
32,64,2.172928, 615.406385
=== NX=32 NY=128 ===
32,128,2.131968, 1194.425113
=== NX=32 NY=256 ===
32,256,2.133952, 2466.289766
=== NX=32 NY=512 ===
32,512,2.208736, 5240.512730
=== NX=32 NY=1024 ===
32,1024,2.181536, 10977.652425
=== NX=32 NY=2048 ===
32,2048,2.110720, 23044.737326
=== NX=32 NY=4096 ===
32,4096,2.341408, 48337.541433
=== NX=64 NY=16 ===
64,16,2.360320, 268.330324
=== NX=64 NY=32 ===
64,32,2.169856, 603.548496
=== NX=64 NY=64 ===
64,64,2.206720, 1362.444040
=== NX=64 NY=128 ===
64,128,2.183168, 2672.076865
=== NX=64 NY=256 ===
64,256,2.182144, 5455.387887
=== NX=64 NY=512 ===
64,512,2.158432, 11573.182102
=== NX=64 NY=1024 ===
64,1024,2.243520, 24143.127457
=== NX=64 NY=2048 ===
64,2048,2.268960, 50663.996805
=== NX=64 NY=4096 ===
64,4096,2.254976, 105599.805783
=== NX=128 NY=16 ===
128,16,2.340864, 571.499393
=== NX=128 NY=32 ===
128,32,2.206720, 1292.926883
=== NX=128 NY=64 ===
128,64,2.187264, 2883.163797
=== NX=128 NY=128 ===
128,128,2.158592, 5651.790167
=== NX=128 NY=256 ===
128,256,2.193056, 11587.275319
=== NX=128 NY=512 ===
128,512,2.233088, 24550.221409
=== NX=128 NY=1024 ===
128,1024,2.402016, 51263.507707
=== NX=128 NY=2048 ===
128,2048,2.243360, 107325.411661
=== NX=128 NY=4096 ===
128,4096,2.261760, 224227.858635
=== NX=256 NY=16 ===
256,16,2.286592, 1235.640567
=== NX=256 NY=32 ===
256,32,2.183168, 2755.406359
=== NX=256 NY=64 ===
256,64,2.165760, 6084.456088
=== NX=256 NY=128 ===
256,128,2.261984, 11979.642757
=== NX=256 NY=256 ===
256,256,2.189696, 24270.803615
=== NX=256 NY=512 ===
256,512,2.302336, 51803.689512
=== NX=256 NY=1024 ===
256,1024,2.280128, 108110.069027
=== NX=256 NY=2048 ===
256,2048,2.334432, 226774.905094
=== NX=256 NY=4096 ===
256,4096,2.255840, 470315.628127
=== NX=512 NY=16 ===
512,16,2.313216, 2554.497847
=== NX=512 NY=32 ===
512,32,2.176000, 5757.756522
=== NX=512 NY=64 ===
512,64,2.209920, 12719.177173
=== NX=512 NY=128 ===
512,128,2.199648, 24980.852063
=== NX=512 NY=256 ===
512,256,2.296640, 50998.709282
=== NX=512 NY=512 ===
512,512,2.254976, 111698.087503
=== NX=512 NY=1024 ===
512,1024,2.294016, 229216.672244
=== NX=512 NY=2048 ===
512,2048,2.258368, 481351.457847
=== NX=512 NY=4096 ===
512,4096,2.241568, 1007862.132470
=== NX=1024 NY=16 ===
1024,16,2.246656, 5311.144448
=== NX=1024 NY=32 ===
1024,32,2.153440, 11819.569287
=== NX=1024 NY=64 ===
1024,64,2.262240, 26051.736709
=== NX=1024 NY=128 ===
1024,128,2.211424, 51991.675278
=== NX=1024 NY=256 ===
1024,256,2.187744, 106894.727330
=== NX=1024 NY=512 ===
1024,512,2.174816, 225008.409966
=== NX=1024 NY=1024 ===
1024,1024,2.199776, 467712.678958
=== NX=1024 NY=2048 ===
1024,2048,2.189568, 978703.030720
=== NX=1024 NY=4096 ===
1024,4096,2.233280, 2226175.962013
=== NX=2048 NY=16 ===
2048,16,2.228352, 11139.167928
=== NX=2048 NY=32 ===
2048,32,2.177376, 24818.814962
=== NX=2048 NY=64 ===
2048,64,2.130656, 54436.000419
=== NX=2048 NY=128 ===
2048,128,2.129248, 108231.283953
=== NX=2048 NY=256 ===
2048,256,2.095424, 221625.418495
=== NX=2048 NY=512 ===
2048,512,2.104704, 468479.125103
=== NX=2048 NY=1024 ===
2048,1024,2.068288, 974125.613213
=== NX=2048 NY=2048 ===
2048,2048,2.091840, 2123646.490477
=== NX=2048 NY=4096 ===
2048,4096,2.096512, 4674424.594320
=== NX=4096 NY=16 ===
4096,16,2.143872, 23311.555102
=== NX=4096 NY=32 ===
4096,32,2.163840, 51679.759405
=== NX=4096 NY=64 ===
4096,64,2.123296, 113611.297666
=== NX=4096 NY=128 ===
4096,128,2.134048, 225404.717936
=== NX=4096 NY=256 ===
4096,256,2.100256, 460222.665491
=== NX=4096 NY=512 ===
4096,512,2.100032, 972008.009772
=== NX=4096 NY=1024 ===
4096,1024,2.152640, 2119700.017302
=== NX=4096 NY=2048 ===
